{
  "version": "1.5.0",
  "plugins_used": [
    {
      "name": "ArtifactoryDetector"
    },
    {
      "name": "AWSKeyDetector"
    },
    {
      "name": "AzureStorageKeyDetector"
    },
    {
      "name": "Base64HighEntropyString",
      "limit": 4.5
    },
    {
      "name": "BasicAuthDetector"
    },
    {
      "name": "CloudantDetector"
    },
    {
      "name": "DiscordBotTokenDetector"
    },
    {
      "name": "GitHubTokenDetector"
    },
    {
      "name": "GitLabTokenDetector"
    },
    {
      "name": "HexHighEntropyString",
      "limit": 3.0
    },
    {
      "name": "IbmCloudIamDetector"
    },
    {
      "name": "IbmCosHmacDetector"
    },
    {
      "name": "IPPublicDetector"
    },
    {
      "name": "JwtTokenDetector"
    },
    {
      "name": "KeywordDetector",
      "keyword_exclude": ""
    },
    {
      "name": "MailchimpDetector"
    },
    {
      "name": "NpmDetector"
    },
    {
      "name": "OpenAIDetector"
    },
    {
      "name": "PrivateKeyDetector"
    },
    {
      "name": "PypiTokenDetector"
    },
    {
      "name": "SendGridDetector"
    },
    {
      "name": "SlackDetector"
    },
    {
      "name": "SoftlayerDetector"
    },
    {
      "name": "SquareOAuthDetector"
    },
    {
      "name": "StripeDetector"
    },
    {
      "name": "TelegramBotTokenDetector"
    },
    {
      "name": "TwilioKeyDetector"
    }
  ],
  "filters_used": [
    {
      "path": "detect_secrets.filters.allowlist.is_line_allowlisted"
    },
    {
      "path": "detect_secrets.filters.common.is_ignored_due_to_verification_policies",
      "min_level": 2
    },
    {
      "path": "detect_secrets.filters.heuristic.is_indirect_reference"
    },
    {
      "path": "detect_secrets.filters.heuristic.is_likely_id_string"
    },
    {
      "path": "detect_secrets.filters.heuristic.is_lock_file"
    },
    {
      "path": "detect_secrets.filters.heuristic.is_not_alphanumeric_string"
    },
    {
      "path": "detect_secrets.filters.heuristic.is_potential_uuid"
    },
    {
      "path": "detect_secrets.filters.heuristic.is_prefixed_with_dollar_sign"
    },
    {
      "path": "detect_secrets.filters.heuristic.is_sequential_string"
    },
    {
      "path": "detect_secrets.filters.heuristic.is_swagger_file"
    },
    {
      "path": "detect_secrets.filters.heuristic.is_templated_secret"
    }
  ],
  "results": {
    "docs/pnpm-lock.yaml": [
      {
        "type": "Base64 High Entropy String",
        "filename": "docs/pnpm-lock.yaml",
        "hashed_secret": "50d0bcb4ef54b4a0fc018757c274db40679121dc",
        "is_verified": false,
        "line_number": 24
      },
      {
        "type": "Base64 High Entropy String",
        "filename": "docs/pnpm-lock.yaml",
        "hashed_secret": "753c5bfa68f6590e074eb9cb695d2e9c4381cd8d",
        "is_verified": false,
        "line_number": 30
      },
      {
        "type": "Base64 High Entropy String",
        "filename": "docs/pnpm-lock.yaml",
        "hashed_secret": "b4b7279e60301e598c9a168d7c8ebca8d4f3e33c",
        "is_verified": false,
        "line_number": 36
      },
      {
        "type": "Base64 High Entropy String",
        "filename": "docs/pnpm-lock.yaml",
        "hashed_secret": "d17987d6b90eabe54d4da1e285c3cba1fa853f3c",
        "is_verified": false,
        "line_number": 42
      },
      {
        "type": "Base64 High Entropy String",
        "filename": "docs/pnpm-lock.yaml",
        "hashed_secret": "cc67e040675c4f006806993c86e51d125be8aeaf",
        "is_verified": false,
        "line_number": 49
      },
      {
        "type": "Base64 High Entropy String",
        "filename": "docs/pnpm-lock.yaml",
        "hashed_secret": "966e9450975a62abec7be0cd2dba583af66d8e50",
        "is_verified": false,
        "line_number": 56
      },
      {
        "type": "Base64 High Entropy String",
        "filename": "docs/pnpm-lock.yaml",
        "hashed_secret": "b67085a9fceda31cda8be83e590ce17a048e71b1",
        "is_verified": false,
        "line_number": 63
      },
      {
        "type": "Base64 High Entropy String",
        "filename": "docs/pnpm-lock.yaml",
        "hashed_secret": "023165241f6628486bb597f16e446f8eb5aa212a",
        "is_verified": false,
        "line_number": 70
      },
      {
        "type": "Base64 High Entropy String",
        "filename": "docs/pnpm-lock.yaml",
        "hashed_secret": "af9d92af4ad53ee7bca8c96e85551fe4b378213c",
        "is_verified": false,
        "line_number": 75
      },
      {
        "type": "Base64 High Entropy String",
        "filename": "docs/pnpm-lock.yaml",
        "hashed_secret": "1bad1b9ce3ede5ee6e147851b8602d40375ae5d0",
        "is_verified": false,
        "line_number": 81
      },
      {
        "type": "Base64 High Entropy String",
        "filename": "docs/pnpm-lock.yaml",
        "hashed_secret": "2d8a2e14efdc8b46be214a7c0e92b8ba830f3629",
        "is_verified": false,
        "line_number": 87
      },
      {
        "type": "Base64 High Entropy String",
        "filename": "docs/pnpm-lock.yaml",
        "hashed_secret": "014ae010ff27c0fc6893407ae0e3144d4c12cac6",
        "is_verified": false,
        "line_number": 91
      },
      {
        "type": "Base64 High Entropy String",
        "filename": "docs/pnpm-lock.yaml",
        "hashed_secret": "7e4a54758847fda47fcce66177bd4de1aad70218",
        "is_verified": false,
        "line_number": 95
      },
      {
        "type": "Base64 High Entropy String",
        "filename": "docs/pnpm-lock.yaml",
        "hashed_secret": "67e95191b7891842d2b65a133741176a369777aa",
        "is_verified": false,
        "line_number": 98
      },
      {
        "type": "Base64 High Entropy String",
        "filename": "docs/pnpm-lock.yaml",
        "hashed_secret": "776847c10a97a654a4acfcd9421841ab302af28f",
        "is_verified": false,
        "line_number": 101
      },
      {
        "type": "Base64 High Entropy String",
        "filename": "docs/pnpm-lock.yaml",
        "hashed_secret": "9fe1f89d077392d2a5c0d96fdd52939f40970328",
        "is_verified": false,
        "line_number": 112
      },
      {
        "type": "Base64 High Entropy String",
        "filename": "docs/pnpm-lock.yaml",
        "hashed_secret": "068cd4dde94bc409e3945d1f483321efb55bab96",
        "is_verified": false,
        "line_number": 116
      },
      {
        "type": "Base64 High Entropy String",
        "filename": "docs/pnpm-lock.yaml",
        "hashed_secret": "f1d596623a7e94acbf7e544b24114a150658b264",
        "is_verified": false,
        "line_number": 119
      },
      {
        "type": "Base64 High Entropy String",
        "filename": "docs/pnpm-lock.yaml",
        "hashed_secret": "0e8d8d85cb22495a7e3ac052669d8e441ef755d3",
        "is_verified": false,
        "line_number": 128
      },
      {
        "type": "Base64 High Entropy String",
        "filename": "docs/pnpm-lock.yaml",
        "hashed_secret": "c3056715d6375ab9398baaf6907e8cfea57bcbbb",
        "is_verified": false,
        "line_number": 132
      },
      {
        "type": "Base64 High Entropy String",
        "filename": "docs/pnpm-lock.yaml",
        "hashed_secret": "6a1911189662b59023c6d2d6d4e1fbc01421b619",
        "is_verified": false,
        "line_number": 136
      },
      {
        "type": "Base64 High Entropy String",
        "filename": "docs/pnpm-lock.yaml",
        "hashed_secret": "6ce91b7e64c7e4f9adff81e83ef22336d9bb38ed",
        "is_verified": false,
        "line_number": 140
      },
      {
        "type": "Base64 High Entropy String",
        "filename": "docs/pnpm-lock.yaml",
        "hashed_secret": "2fd22ba5d2d29e36c19af06a4812aa083592d62b",
        "is_verified": false,
        "line_number": 145
      },
      {
        "type": "Base64 High Entropy String",
        "filename": "docs/pnpm-lock.yaml",
        "hashed_secret": "4267e07ff50e0855b4935f656b672b2113e15bd1",
        "is_verified": false,
        "line_number": 149
      },
      {
        "type": "Base64 High Entropy String",
        "filename": "docs/pnpm-lock.yaml",
        "hashed_secret": "b9ef162748ccb027526a28d07cb060a2b708e3be",
        "is_verified": false,
        "line_number": 154
      },
      {
        "type": "Base64 High Entropy String",
        "filename": "docs/pnpm-lock.yaml",
        "hashed_secret": "00df24127b752866d3694df1eaedbe76bde95a69",
        "is_verified": false,
        "line_number": 159
      },
      {
        "type": "Base64 High Entropy String",
        "filename": "docs/pnpm-lock.yaml",
        "hashed_secret": "9ad2869025308659c04601c8ecf761cb84e943b3",
        "is_verified": false,
        "line_number": 165
      },
      {
        "type": "Base64 High Entropy String",
        "filename": "docs/pnpm-lock.yaml",
        "hashed_secret": "ed7a49b268a1ba07ac1f43f95a743410e50fbdb1",
        "is_verified": false,
        "line_number": 171
      },
      {
        "type": "Base64 High Entropy String",
        "filename": "docs/pnpm-lock.yaml",
        "hashed_secret": "1dd4d3ebef65e7ab612ff6c503129d4c5d6960d9",
        "is_verified": false,
        "line_number": 177
      },
      {
        "type": "Base64 High Entropy String",
        "filename": "docs/pnpm-lock.yaml",
        "hashed_secret": "1d2679bd79fb6b86fb2f0d5e3b06b35e5192a27e",
        "is_verified": false,
        "line_number": 183
      },
      {
        "type": "Base64 High Entropy String",
        "filename": "docs/pnpm-lock.yaml",
        "hashed_secret": "6ae2c9a25be82eea9ad1d0b8c1f5786c6cc5386c",
        "is_verified": false,
        "line_number": 188
      },
      {
        "type": "Base64 High Entropy String",
        "filename": "docs/pnpm-lock.yaml",
        "hashed_secret": "e6cb49d43263dd339ba080fc77811c3ed04ce331",
        "is_verified": false,
        "line_number": 193
      },
      {
        "type": "Base64 High Entropy String",
        "filename": "docs/pnpm-lock.yaml",
        "hashed_secret": "5d97534686d2a72515d0b9daebe7eca5ed0a6110",
        "is_verified": false,
        "line_number": 198
      },
      {
        "type": "Base64 High Entropy String",
        "filename": "docs/pnpm-lock.yaml",
        "hashed_secret": "98de5faadbeee34b754f7227c5057d80e6d5e692",
        "is_verified": false,
        "line_number": 202
      },
      {
        "type": "Base64 High Entropy String",
        "filename": "docs/pnpm-lock.yaml",
        "hashed_secret": "5c239fb9147bf6df6ba4178de6c186f93b71089f",
        "is_verified": false,
        "line_number": 206
      },
      {
        "type": "Base64 High Entropy String",
        "filename": "docs/pnpm-lock.yaml",
        "hashed_secret": "386d245d69e3954e43a7e6760979e00eda2a7023",
        "is_verified": false,
        "line_number": 210
      },
      {
        "type": "Base64 High Entropy String",
        "filename": "docs/pnpm-lock.yaml",
        "hashed_secret": "acef8b74afa989b49695377cef559e36199c0a99",
        "is_verified": false,
        "line_number": 214
      },
      {
        "type": "Base64 High Entropy String",
        "filename": "docs/pnpm-lock.yaml",
        "hashed_secret": "e5993e4e8ae0bf5a822bcd1ca89b2af0543509c8",
        "is_verified": false,
        "line_number": 217
      },
      {
        "type": "Base64 High Entropy String",
        "filename": "docs/pnpm-lock.yaml",
        "hashed_secret": "5839981739dae84af2827c7a63df9fe210293441",
        "is_verified": false,
        "line_number": 220
      },
      {
        "type": "Base64 High Entropy String",
        "filename": "docs/pnpm-lock.yaml",
        "hashed_secret": "3cc73e648f276dfd071b45f14733d8ba4e40e865",
        "is_verified": false,
        "line_number": 223
      },
      {
        "type": "Base64 High Entropy String",
        "filename": "docs/pnpm-lock.yaml",
        "hashed_secret": "2599816e1f33929992ba958e70e590239624b3ea",
        "is_verified": false,
        "line_number": 226
      },
      {
        "type": "Base64 High Entropy String",
        "filename": "docs/pnpm-lock.yaml",
        "hashed_secret": "7962784a80ea9a9a231aff69bdb3446dec6d0880",
        "is_verified": false,
        "line_number": 232
      },
      {
        "type": "Base64 High Entropy String",
        "filename": "docs/pnpm-lock.yaml",
        "hashed_secret": "96e185f290c4f700cab66112775acc47c14a7280",
        "is_verified": false,
        "line_number": 238
      },
      {
        "type": "Base64 High Entropy String",
        "filename": "docs/pnpm-lock.yaml",
        "hashed_secret": "93c30cb509f120d1e2e5b6d366fea87984936e39",
        "is_verified": false,
        "line_number": 244
      },
      {
        "type": "Base64 High Entropy String",
        "filename": "docs/pnpm-lock.yaml",
        "hashed_secret": "7cde35dfbeeb6f9b5f78e071a73c4f777cd12059",
        "is_verified": false,
        "line_number": 250
      },
      {
        "type": "Base64 High Entropy String",
        "filename": "docs/pnpm-lock.yaml",
        "hashed_secret": "c0b4d85c9d069485879be921aae7b0f77df9c6fe",
        "is_verified": false,
        "line_number": 256
      },
      {
        "type": "Base64 High Entropy String",
        "filename": "docs/pnpm-lock.yaml",
        "hashed_secret": "1d02c8f733da713fc867132fedd9e294de64e40f",
        "is_verified": false,
        "line_number": 262
      },
      {
        "type": "Base64 High Entropy String",
        "filename": "docs/pnpm-lock.yaml",
        "hashed_secret": "e505a98c31417fc9d1c8cae51442ca36c01302a6",
        "is_verified": false,
        "line_number": 268
      },
      {
        "type": "Base64 High Entropy String",
        "filename": "docs/pnpm-lock.yaml",
        "hashed_secret": "1922d9fdce7f0fbcf6bbe3350ebfee44d13a828c",
        "is_verified": false,
        "line_number": 274
      },
      {
        "type": "Base64 High Entropy String",
        "filename": "docs/pnpm-lock.yaml",
        "hashed_secret": "87461723b2bfad9ac9fa7fa632c78def05cb741f",
        "is_verified": false,
        "line_number": 280
      },
      {
        "type": "Base64 High Entropy String",
        "filename": "docs/pnpm-lock.yaml",
        "hashed_secret": "4ef116fc83238883b01eb06853d39015a8de331a",
        "is_verified": false,
        "line_number": 286
      },
      {
        "type": "Base64 High Entropy String",
        "filename": "docs/pnpm-lock.yaml",
        "hashed_secret": "222656d30fa2a7f50af7cc557d0c256b45852c8d",
        "is_verified": false,
        "line_number": 292
      },
      {
        "type": "Base64 High Entropy String",
        "filename": "docs/pnpm-lock.yaml",
        "hashed_secret": "f96f7560ba2650670f948a93ba75884b9a0217b1",
        "is_verified": false,
        "line_number": 298
      },
      {
        "type": "Base64 High Entropy String",
        "filename": "docs/pnpm-lock.yaml",
        "hashed_secret": "c805b27cc74df06b893ee944e1a0d287cc90c9f1",
        "is_verified": false,
        "line_number": 304
      },
      {
        "type": "Base64 High Entropy String",
        "filename": "docs/pnpm-lock.yaml",
        "hashed_secret": "2040a1e3cc304b3d78cb6c301a0fa0e69291ed41",
        "is_verified": false,
        "line_number": 310
      },
      {
        "type": "Base64 High Entropy String",
        "filename": "docs/pnpm-lock.yaml",
        "hashed_secret": "f4506d314874ed7f1909bc57315b206db9ce12a6",
        "is_verified": false,
        "line_number": 316
      },
      {
        "type": "Base64 High Entropy String",
        "filename": "docs/pnpm-lock.yaml",
        "hashed_secret": "dd394254de430d859414762ce979704d0fa31e96",
        "is_verified": false,
        "line_number": 322
      },
      {
        "type": "Base64 High Entropy String",
        "filename": "docs/pnpm-lock.yaml",
        "hashed_secret": "dce1b9f4213fad31626b97988c68c5d4605bc652",
        "is_verified": false,
        "line_number": 328
      },
      {
        "type": "Base64 High Entropy String",
        "filename": "docs/pnpm-lock.yaml",
        "hashed_secret": "7e4c058e606397f80d5277dd6baa923f60563983",
        "is_verified": false,
        "line_number": 334
      },
      {
        "type": "Base64 High Entropy String",
        "filename": "docs/pnpm-lock.yaml",
        "hashed_secret": "0a121279c947d519dc76ac631df4ccf813fc581b",
        "is_verified": false,
        "line_number": 340
      },
      {
        "type": "Base64 High Entropy String",
        "filename": "docs/pnpm-lock.yaml",
        "hashed_secret": "a20e85ff1c5423eb2f2eaf93d5781ac768ba7a69",
        "is_verified": false,
        "line_number": 346
      },
      {
        "type": "Base64 High Entropy String",
        "filename": "docs/pnpm-lock.yaml",
        "hashed_secret": "8f82a49c83766a230138475858b3444b599787cc",
        "is_verified": false,
        "line_number": 352
      },
      {
        "type": "Base64 High Entropy String",
        "filename": "docs/pnpm-lock.yaml",
        "hashed_secret": "8f56de26ffc382f6460e63009698a671b37414ba",
        "is_verified": false,
        "line_number": 358
      },
      {
        "type": "Base64 High Entropy String",
        "filename": "docs/pnpm-lock.yaml",
        "hashed_secret": "818383518b06ce60b934fa1b2a2ceffbe0633f68",
        "is_verified": false,
        "line_number": 364
      },
      {
        "type": "Base64 High Entropy String",
        "filename": "docs/pnpm-lock.yaml",
        "hashed_secret": "b68c3d93cbfaf9320a991b865b69a72b823d0ef8",
        "is_verified": false,
        "line_number": 370
      },
      {
        "type": "Base64 High Entropy String",
        "filename": "docs/pnpm-lock.yaml",
        "hashed_secret": "386a9dd104313a197e0c687d902a26009c46ffe8",
        "is_verified": false,
        "line_number": 376
      },
      {
        "type": "Base64 High Entropy String",
        "filename": "docs/pnpm-lock.yaml",
        "hashed_secret": "bd547baf224ab7cd74f667860348e774ab14a965",
        "is_verified": false,
        "line_number": 382
      },
      {
        "type": "Base64 High Entropy String",
        "filename": "docs/pnpm-lock.yaml",
        "hashed_secret": "9eed818a8d42d32e7407091733cefdcf8089fb5e",
        "is_verified": false,
        "line_number": 385
      },
      {
        "type": "Base64 High Entropy String",
        "filename": "docs/pnpm-lock.yaml",
        "hashed_secret": "79ccebf6f8004d8f4b1bbd232ca40e2b60eebf07",
        "is_verified": false,
        "line_number": 388
      },
      {
        "type": "Base64 High Entropy String",
        "filename": "docs/pnpm-lock.yaml",
        "hashed_secret": "a1bd518fd943d90426824364189bb224570cdb2a",
        "is_verified": false,
        "line_number": 391
      },
      {
        "type": "Base64 High Entropy String",
        "filename": "docs/pnpm-lock.yaml",
        "hashed_secret": "811bd2f251089fdcafb6b976e630af00d88e88f2",
        "is_verified": false,
        "line_number": 394
      },
      {
        "type": "Base64 High Entropy String",
        "filename": "docs/pnpm-lock.yaml",
        "hashed_secret": "d833021866db2a9f03fcb246dea7b27269d55ab8",
        "is_verified": false,
        "line_number": 398
      },
      {
        "type": "Base64 High Entropy String",
        "filename": "docs/pnpm-lock.yaml",
        "hashed_secret": "a64690d1dc1eebdaccbb9575eff0fa90b12320aa",
        "is_verified": false,
        "line_number": 404
      },
      {
        "type": "Base64 High Entropy String",
        "filename": "docs/pnpm-lock.yaml",
        "hashed_secret": "4cbb9f09ac2416f8ceb251dca08cef76b169b417",
        "is_verified": false,
        "line_number": 410
      },
      {
        "type": "Base64 High Entropy String",
        "filename": "docs/pnpm-lock.yaml",
        "hashed_secret": "a00ebe4c49846f09ca68e66fe1cc7b65430453c2",
        "is_verified": false,
        "line_number": 415
      },
      {
        "type": "Base64 High Entropy String",
        "filename": "docs/pnpm-lock.yaml",
        "hashed_secret": "9fe9ba574efdd4cfeec286bac049ba18be17507d",
        "is_verified": false,
        "line_number": 420
      },
      {
        "type": "Base64 High Entropy String",
        "filename": "docs/pnpm-lock.yaml",
        "hashed_secret": "1b9c88afa65ba0cadf7bfff4e2daffbdb181b995",
        "is_verified": false,
        "line_number": 425
      },
      {
        "type": "Base64 High Entropy String",
        "filename": "docs/pnpm-lock.yaml",
        "hashed_secret": "cfbb3dd8c6ffb31a163d81191e2a5522cfd4ad01",
        "is_verified": false,
        "line_number": 431
      },
      {
        "type": "Base64 High Entropy String",
        "filename": "docs/pnpm-lock.yaml",
        "hashed_secret": "23c7f0119fb52b99b2f6ef39cb8226292ab72937",
        "is_verified": false,
        "line_number": 437
      },
      {
        "type": "Base64 High Entropy String",
        "filename": "docs/pnpm-lock.yaml",
        "hashed_secret": "cc52b353bf9c4660e35f1591f912e90154d05fe5",
        "is_verified": false,
        "line_number": 443
      },
      {
        "type": "Base64 High Entropy String",
        "filename": "docs/pnpm-lock.yaml",
        "hashed_secret": "59e3cdf73bbc0707eed8f9c535f50e2279ebb4c2",
        "is_verified": false,
        "line_number": 449
      },
      {
        "type": "Base64 High Entropy String",
        "filename": "docs/pnpm-lock.yaml",
        "hashed_secret": "282053878b1ec386573571289a7a220052cbb96a",
        "is_verified": false,
        "line_number": 455
      },
      {
        "type": "Base64 High Entropy String",
        "filename": "docs/pnpm-lock.yaml",
        "hashed_secret": "f9e83424ef5c70999734039644fe7e390d90f408",
        "is_verified": false,
        "line_number": 461
      },
      {
        "type": "Base64 High Entropy String",
        "filename": "docs/pnpm-lock.yaml",
        "hashed_secret": "3e28c3dea91def9746c8ce100d7dd12019313038",
        "is_verified": false,
        "line_number": 467
      },
      {
        "type": "Base64 High Entropy String",
        "filename": "docs/pnpm-lock.yaml",
        "hashed_secret": "d8a7eddfb06b7368a45ad7b955b00124f8f3c7b3",
        "is_verified": false,
        "line_number": 473
      },
      {
        "type": "Base64 High Entropy String",
        "filename": "docs/pnpm-lock.yaml",
        "hashed_secret": "6c1666ea0bf32c99a6855961fba0e8fa10e72e13",
        "is_verified": false,
        "line_number": 480
      },
      {
        "type": "Base64 High Entropy String",
        "filename": "docs/pnpm-lock.yaml",
        "hashed_secret": "9d5ab3cb1e3d843504b7728a5706ca4362b50c98",
        "is_verified": false,
        "line_number": 487
      },
      {
        "type": "Base64 High Entropy String",
        "filename": "docs/pnpm-lock.yaml",
        "hashed_secret": "f581640d13bcf8ded41575d2a4f5f2529cae769a",
        "is_verified": false,
        "line_number": 494
      },
      {
        "type": "Base64 High Entropy String",
        "filename": "docs/pnpm-lock.yaml",
        "hashed_secret": "f45ad2593ffa001b4dff803c9609ab941b3b1abb",
        "is_verified": false,
        "line_number": 501
      },
      {
        "type": "Base64 High Entropy String",
        "filename": "docs/pnpm-lock.yaml",
        "hashed_secret": "2bd6f187988b012cb17f9fe16f0b05d148419321",
        "is_verified": false,
        "line_number": 508
      },
      {
        "type": "Base64 High Entropy String",
        "filename": "docs/pnpm-lock.yaml",
        "hashed_secret": "87d74abcfff687cdd65f1bd43a43bb4d91e3eaa1",
        "is_verified": false,
        "line_number": 515
      },
      {
        "type": "Base64 High Entropy String",
        "filename": "docs/pnpm-lock.yaml",
        "hashed_secret": "c616ca330d5d7061029e78f26a8ce3416628c063",
        "is_verified": false,
        "line_number": 522
      },
      {
        "type": "Base64 High Entropy String",
        "filename": "docs/pnpm-lock.yaml",
        "hashed_secret": "9a86c8e6dc215f98c31ed28b300256deb229cafd",
        "is_verified": false,
        "line_number": 529
      },
      {
        "type": "Base64 High Entropy String",
        "filename": "docs/pnpm-lock.yaml",
        "hashed_secret": "510fad41c38a1f656ca05da27c842aac6a75013b",
        "is_verified": false,
        "line_number": 533
      },
      {
        "type": "Base64 High Entropy String",
        "filename": "docs/pnpm-lock.yaml",
        "hashed_secret": "3d1dd26a7fba7c3fae71cceef3425e7e0158d89b",
        "is_verified": false,
        "line_number": 538
      },
      {
        "type": "Base64 High Entropy String",
        "filename": "docs/pnpm-lock.yaml",
        "hashed_secret": "bd57b3a7b25f26f48374056185c5b69d3ae3379d",
        "is_verified": false,
        "line_number": 544
      },
      {
        "type": "Base64 High Entropy String",
        "filename": "docs/pnpm-lock.yaml",
        "hashed_secret": "30ee79cf333d3fe5c34a173a5bfb7d3f11363bb0",
        "is_verified": false,
        "line_number": 550
      },
      {
        "type": "Base64 High Entropy String",
        "filename": "docs/pnpm-lock.yaml",
        "hashed_secret": "49a06230e807cb2804d5226df74448f31b6c21b5",
        "is_verified": false,
        "line_number": 556
      },
      {
        "type": "Base64 High Entropy String",
        "filename": "docs/pnpm-lock.yaml",
        "hashed_secret": "ebe85e5795ecb6aab714dd9627a0ca6d72270052",
        "is_verified": false,
        "line_number": 559
      },
      {
        "type": "Base64 High Entropy String",
        "filename": "docs/pnpm-lock.yaml",
        "hashed_secret": "547694a8587f3d66490a819db3a6f24217de03e1",
        "is_verified": false,
        "line_number": 566
      },
      {
        "type": "Base64 High Entropy String",
        "filename": "docs/pnpm-lock.yaml",
        "hashed_secret": "ea4628971b688ef7aadfb203864fbb59263bbf08",
        "is_verified": false,
        "line_number": 569
      },
      {
        "type": "Base64 High Entropy String",
        "filename": "docs/pnpm-lock.yaml",
        "hashed_secret": "613a38de9a8d68ccffc0833c5497fb6d865ca974",
        "is_verified": false,
        "line_number": 572
      },
      {
        "type": "Base64 High Entropy String",
        "filename": "docs/pnpm-lock.yaml",
        "hashed_secret": "27d39ac61aaa346c8997c4c4919994624b217a6f",
        "is_verified": false,
        "line_number": 577
      },
      {
        "type": "Base64 High Entropy String",
        "filename": "docs/pnpm-lock.yaml",
        "hashed_secret": "bd54405f759dc412bf5d924d638cfa10fc2df9dc",
        "is_verified": false,
        "line_number": 582
      },
      {
        "type": "Base64 High Entropy String",
        "filename": "docs/pnpm-lock.yaml",
        "hashed_secret": "f957142ed9a4a062aecfb08a21d8b73ddfc06491",
        "is_verified": false,
        "line_number": 585
      },
      {
        "type": "Base64 High Entropy String",
        "filename": "docs/pnpm-lock.yaml",
        "hashed_secret": "2998715b7217deb61bf7006341418aa4a51166dd",
        "is_verified": false,
        "line_number": 590
      },
      {
        "type": "Base64 High Entropy String",
        "filename": "docs/pnpm-lock.yaml",
        "hashed_secret": "bc4cccb67ff7446f352dd2add1d881cf197e2121",
        "is_verified": false,
        "line_number": 595
      },
      {
        "type": "Base64 High Entropy String",
        "filename": "docs/pnpm-lock.yaml",
        "hashed_secret": "22bcad30cbddba560994dd4591fb6bf6af6843f9",
        "is_verified": false,
        "line_number": 600
      },
      {
        "type": "Base64 High Entropy String",
        "filename": "docs/pnpm-lock.yaml",
        "hashed_secret": "09ead1bcaa0f605e5ba897c456bd697ef7e8a68c",
        "is_verified": false,
        "line_number": 605
      },
      {
        "type": "Base64 High Entropy String",
        "filename": "docs/pnpm-lock.yaml",
        "hashed_secret": "eb9350e2fbfc7c45823e338e37bde071a1b2bad5",
        "is_verified": false,
        "line_number": 610
      },
      {
        "type": "Base64 High Entropy String",
        "filename": "docs/pnpm-lock.yaml",
        "hashed_secret": "ba641b6fb85558fda0c582cee3d40306ff95298d",
        "is_verified": false,
        "line_number": 616
      },
      {
        "type": "Base64 High Entropy String",
        "filename": "docs/pnpm-lock.yaml",
        "hashed_secret": "2eb009681e4f863976914cd5591114304271b436",
        "is_verified": false,
        "line_number": 622
      },
      {
        "type": "Base64 High Entropy String",
        "filename": "docs/pnpm-lock.yaml",
        "hashed_secret": "0356746e23f603532e3c78f9cfea327c34a4c927",
        "is_verified": false,
        "line_number": 628
      },
      {
        "type": "Base64 High Entropy String",
        "filename": "docs/pnpm-lock.yaml",
        "hashed_secret": "60b759b81cde68cfbfb26c7f7623381312722202",
        "is_verified": false,
        "line_number": 634
      },
      {
        "type": "Base64 High Entropy String",
        "filename": "docs/pnpm-lock.yaml",
        "hashed_secret": "39d0a877423405de994922554b34d242615ea2a2",
        "is_verified": false,
        "line_number": 640
      },
      {
        "type": "Base64 High Entropy String",
        "filename": "docs/pnpm-lock.yaml",
        "hashed_secret": "a650fc61a2084880a49d9a471290824d5ecd07b8",
        "is_verified": false,
        "line_number": 646
      },
      {
        "type": "Base64 High Entropy String",
        "filename": "docs/pnpm-lock.yaml",
        "hashed_secret": "bbb5c3f9cb1212145dffde336ce8df7f0521dea6",
        "is_verified": false,
        "line_number": 653
      },
      {
        "type": "Base64 High Entropy String",
        "filename": "docs/pnpm-lock.yaml",
        "hashed_secret": "1427c48e70b51cc2584bd92927104efc083027f8",
        "is_verified": false,
        "line_number": 660
      },
      {
        "type": "Base64 High Entropy String",
        "filename": "docs/pnpm-lock.yaml",
        "hashed_secret": "12ef3dd3a968498a2274b3d05b4ac086a8231a0f",
        "is_verified": false,
        "line_number": 667
      },
      {
        "type": "Base64 High Entropy String",
        "filename": "docs/pnpm-lock.yaml",
        "hashed_secret": "b5d3f9a48998e628c012b1dcb31a9a70af7b38d1",
        "is_verified": false,
        "line_number": 674
      },
      {
        "type": "Base64 High Entropy String",
        "filename": "docs/pnpm-lock.yaml",
        "hashed_secret": "f25439c7017153b1fc0194b229a0850691148f97",
        "is_verified": false,
        "line_number": 681
      },
      {
        "type": "Base64 High Entropy String",
        "filename": "docs/pnpm-lock.yaml",
        "hashed_secret": "1ec47e9129fef8a4157e5f837f9e7b05e1186907",
        "is_verified": false,
        "line_number": 688
      },
      {
        "type": "Base64 High Entropy String",
        "filename": "docs/pnpm-lock.yaml",
        "hashed_secret": "08b1adf81ed9c9601c25afd267fe108ec6ef45f5",
        "is_verified": false,
        "line_number": 694
      },
      {
        "type": "Base64 High Entropy String",
        "filename": "docs/pnpm-lock.yaml",
        "hashed_secret": "a02b25577e04b9fd67c80cae71224fe41dd6ad29",
        "is_verified": false,
        "line_number": 700
      },
      {
        "type": "Base64 High Entropy String",
        "filename": "docs/pnpm-lock.yaml",
        "hashed_secret": "b0da61692236cf0f51dfca9bea5b058e6db2a173",
        "is_verified": false,
        "line_number": 706
      },
      {
        "type": "Base64 High Entropy String",
        "filename": "docs/pnpm-lock.yaml",
        "hashed_secret": "956acd55d8fe4fc32644cb131fb831c5c4d35f6c",
        "is_verified": false,
        "line_number": 709
      },
      {
        "type": "Base64 High Entropy String",
        "filename": "docs/pnpm-lock.yaml",
        "hashed_secret": "6334caa7cd2a806d30e624a70f8f36d1dc08ad63",
        "is_verified": false,
        "line_number": 713
      },
      {
        "type": "Base64 High Entropy String",
        "filename": "docs/pnpm-lock.yaml",
        "hashed_secret": "cf9d436afb0615e6b3692ffc93e831a6257ed197",
        "is_verified": false,
        "line_number": 717
      },
      {
        "type": "Base64 High Entropy String",
        "filename": "docs/pnpm-lock.yaml",
        "hashed_secret": "dad15e10c905c9e1f363f4c4c40e07787891b5be",
        "is_verified": false,
        "line_number": 721
      },
      {
        "type": "Base64 High Entropy String",
        "filename": "docs/pnpm-lock.yaml",
        "hashed_secret": "d0766602223b64b6a9d400753da00660df1b1fa6",
        "is_verified": false,
        "line_number": 725
      },
      {
        "type": "Base64 High Entropy String",
        "filename": "docs/pnpm-lock.yaml",
        "hashed_secret": "8b3d334a84a2375d974e5d5af5a880426ec3c38c",
        "is_verified": false,
        "line_number": 729
      },
      {
        "type": "Base64 High Entropy String",
        "filename": "docs/pnpm-lock.yaml",
        "hashed_secret": "4e56f7eafe9398b49b39e7d211c0255b351f4161",
        "is_verified": false,
        "line_number": 733
      },
      {
        "type": "Base64 High Entropy String",
        "filename": "docs/pnpm-lock.yaml",
        "hashed_secret": "883ffddc90f7adb0b2e567704e0e2e7c9ce772e7",
        "is_verified": false,
        "line_number": 737
      },
      {
        "type": "Base64 High Entropy String",
        "filename": "docs/pnpm-lock.yaml",
        "hashed_secret": "2da45f8d417cae557ff31e0146cdd4713a167037",
        "is_verified": false,
        "line_number": 740
      },
      {
        "type": "Base64 High Entropy String",
        "filename": "docs/pnpm-lock.yaml",
        "hashed_secret": "c2fa7f2e1f8c5eb1df08c76cc8a209e90f90717d",
        "is_verified": false,
        "line_number": 743
      },
      {
        "type": "Base64 High Entropy String",
        "filename": "docs/pnpm-lock.yaml",
        "hashed_secret": "20bd9f1e82cc3f128d819fa043e4d8be985394dc",
        "is_verified": false,
        "line_number": 746
      },
      {
        "type": "Base64 High Entropy String",
        "filename": "docs/pnpm-lock.yaml",
        "hashed_secret": "fa52615bd39e56c7366b834e0c9b496bbb96f043",
        "is_verified": false,
        "line_number": 749
      },
      {
        "type": "Base64 High Entropy String",
        "filename": "docs/pnpm-lock.yaml",
        "hashed_secret": "1327c9f83c28eaf3fb0199a8337d22a7d3ed9e51",
        "is_verified": false,
        "line_number": 752
      },
      {
        "type": "Base64 High Entropy String",
        "filename": "docs/pnpm-lock.yaml",
        "hashed_secret": "e799332dd74c587ae3c3db1b185c55c0302da171",
        "is_verified": false,
        "line_number": 755
      },
      {
        "type": "Base64 High Entropy String",
        "filename": "docs/pnpm-lock.yaml",
        "hashed_secret": "7a734bb2b865c8090c992da81fb88b47856d04e3",
        "is_verified": false,
        "line_number": 758
      },
      {
        "type": "Base64 High Entropy String",
        "filename": "docs/pnpm-lock.yaml",
        "hashed_secret": "7101ee1815ba5a49e02c80e26cd1a18095cf9e33",
        "is_verified": false,
        "line_number": 761
      },
      {
        "type": "Base64 High Entropy String",
        "filename": "docs/pnpm-lock.yaml",
        "hashed_secret": "772515a1b153439434bb19636b25759e883679f6",
        "is_verified": false,
        "line_number": 764
      },
      {
        "type": "Base64 High Entropy String",
        "filename": "docs/pnpm-lock.yaml",
        "hashed_secret": "24dfdaadb76f082b92416be5a25838f4841c2840",
        "is_verified": false,
        "line_number": 767
      },
      {
        "type": "Base64 High Entropy String",
        "filename": "docs/pnpm-lock.yaml",
        "hashed_secret": "079aeaff8d7d85e481fd54e8921c0d57d3672815",
        "is_verified": false,
        "line_number": 770
      },
      {
        "type": "Base64 High Entropy String",
        "filename": "docs/pnpm-lock.yaml",
        "hashed_secret": "82e9b248cdbed101133fcd9229632ccd3e00d416",
        "is_verified": false,
        "line_number": 773
      },
      {
        "type": "Base64 High Entropy String",
        "filename": "docs/pnpm-lock.yaml",
        "hashed_secret": "3b3fdad4fa80ae8473e0304fe52e0cd272ef2a11",
        "is_verified": false,
        "line_number": 776
      },
      {
        "type": "Base64 High Entropy String",
        "filename": "docs/pnpm-lock.yaml",
        "hashed_secret": "dfb4d22f8bf59d5e65da91c48b2e6c16c2ccd9f3",
        "is_verified": false,
        "line_number": 779
      },
      {
        "type": "Base64 High Entropy String",
        "filename": "docs/pnpm-lock.yaml",
        "hashed_secret": "f2b18199d3ba4657ba01cc7ac698d028e4590a4b",
        "is_verified": false,
        "line_number": 782
      },
      {
        "type": "Base64 High Entropy String",
        "filename": "docs/pnpm-lock.yaml",
        "hashed_secret": "69508e9f25ead6b12c7a762c93b2a5b9cb587d60",
        "is_verified": false,
        "line_number": 786
      },
      {
        "type": "Base64 High Entropy String",
        "filename": "docs/pnpm-lock.yaml",
        "hashed_secret": "178361f52e4efe85fbcfbaad0a817b012c64be5d",
        "is_verified": false,
        "line_number": 790
      },
      {
        "type": "Base64 High Entropy String",
        "filename": "docs/pnpm-lock.yaml",
        "hashed_secret": "22bd0abeadedbe4ac89a1415cff3788f50a4dc48",
        "is_verified": false,
        "line_number": 793
      },
      {
        "type": "Base64 High Entropy String",
        "filename": "docs/pnpm-lock.yaml",
        "hashed_secret": "b8434babdebe87a28a32c342a9ed215e5fe43378",
        "is_verified": false,
        "line_number": 796
      },
      {
        "type": "Base64 High Entropy String",
        "filename": "docs/pnpm-lock.yaml",
        "hashed_secret": "764e8a57a3534c8368c9be4f8595d9a1f33902e2",
        "is_verified": false,
        "line_number": 800
      },
      {
        "type": "Base64 High Entropy String",
        "filename": "docs/pnpm-lock.yaml",
        "hashed_secret": "8bef9fa8730433ad21776aba954763c341250010",
        "is_verified": false,
        "line_number": 805
      },
      {
        "type": "Base64 High Entropy String",
        "filename": "docs/pnpm-lock.yaml",
        "hashed_secret": "4a6acdb47bbd22c85e10baf5921ddbb3c09a787b",
        "is_verified": false,
        "line_number": 815
      },
      {
        "type": "Base64 High Entropy String",
        "filename": "docs/pnpm-lock.yaml",
        "hashed_secret": "ce4084b9c766db59d8efac9df450a2ec42ca3639",
        "is_verified": false,
        "line_number": 819
      },
      {
        "type": "Base64 High Entropy String",
        "filename": "docs/pnpm-lock.yaml",
        "hashed_secret": "9d4310fabfe51082850695814106ca90287e5153",
        "is_verified": false,
        "line_number": 822
      },
      {
        "type": "Base64 High Entropy String",
        "filename": "docs/pnpm-lock.yaml",
        "hashed_secret": "6f8ce40ede102e99a1833caa810bdbf11119104c",
        "is_verified": false,
        "line_number": 825
      },
      {
        "type": "Base64 High Entropy String",
        "filename": "docs/pnpm-lock.yaml",
        "hashed_secret": "0df7dec641354f81bcd778c64b2626f28526d8bf",
        "is_verified": false,
        "line_number": 828
      },
      {
        "type": "Base64 High Entropy String",
        "filename": "docs/pnpm-lock.yaml",
        "hashed_secret": "76ee5d005d74b14bfcf949a0b24859a1ad611560",
        "is_verified": false,
        "line_number": 831
      },
      {
        "type": "Base64 High Entropy String",
        "filename": "docs/pnpm-lock.yaml",
        "hashed_secret": "838860fad35a9938ad0c45978737609b9acf2e86",
        "is_verified": false,
        "line_number": 834
      },
      {
        "type": "Base64 High Entropy String",
        "filename": "docs/pnpm-lock.yaml",
        "hashed_secret": "a3c954fbcfcb5b1c2087ff1e1a592601ebd0d7f0",
        "is_verified": false,
        "line_number": 837
      },
      {
        "type": "Base64 High Entropy String",
        "filename": "docs/pnpm-lock.yaml",
        "hashed_secret": "40b0aef4115b2c0ecffb2e2c74e6e67d01b84997",
        "is_verified": false,
        "line_number": 840
      },
      {
        "type": "Base64 High Entropy String",
        "filename": "docs/pnpm-lock.yaml",
        "hashed_secret": "ed1668ceb8dc6aaabcb871317d585a5edf44c0bf",
        "is_verified": false,
        "line_number": 843
      },
      {
        "type": "Base64 High Entropy String",
        "filename": "docs/pnpm-lock.yaml",
        "hashed_secret": "5a51aa449bb6a0b918407ac04dd0f4dcaf785821",
        "is_verified": false,
        "line_number": 846
      },
      {
        "type": "Base64 High Entropy String",
        "filename": "docs/pnpm-lock.yaml",
        "hashed_secret": "e455b1a4260dd3fce7bd2e249781c0000f691634",
        "is_verified": false,
        "line_number": 850
      },
      {
        "type": "Base64 High Entropy String",
        "filename": "docs/pnpm-lock.yaml",
        "hashed_secret": "5974b42acc3c558a08c734a45a10785534b5d382",
        "is_verified": false,
        "line_number": 854
      },
      {
        "type": "Base64 High Entropy String",
        "filename": "docs/pnpm-lock.yaml",
        "hashed_secret": "67df7123f1b2c84bf066bc3e6fb4834aa022e20b",
        "is_verified": false,
        "line_number": 858
      },
      {
        "type": "Base64 High Entropy String",
        "filename": "docs/pnpm-lock.yaml",
        "hashed_secret": "31ed70c533df55fd194adb00190acec253f057af",
        "is_verified": false,
        "line_number": 861
      },
      {
        "type": "Base64 High Entropy String",
        "filename": "docs/pnpm-lock.yaml",
        "hashed_secret": "19f5139b8d2fb47b7e47218635391090eedd9f00",
        "is_verified": false,
        "line_number": 865
      },
      {
        "type": "Base64 High Entropy String",
        "filename": "docs/pnpm-lock.yaml",
        "hashed_secret": "7630d9f90384084baa911bbde38300feab73a439",
        "is_verified": false,
        "line_number": 869
      },
      {
        "type": "Base64 High Entropy String",
        "filename": "docs/pnpm-lock.yaml",
        "hashed_secret": "214cb45394eb7a2451bdd4244af96b7c33712c16",
        "is_verified": false,
        "line_number": 872
      },
      {
        "type": "Base64 High Entropy String",
        "filename": "docs/pnpm-lock.yaml",
        "hashed_secret": "efc8abf28375c8888cd50aa6bfddb63c30888bd4",
        "is_verified": false,
        "line_number": 876
      },
      {
        "type": "Base64 High Entropy String",
        "filename": "docs/pnpm-lock.yaml",
        "hashed_secret": "ed473638f4ef9bb2f3bf17683ae5352c01458b3f",
        "is_verified": false,
        "line_number": 879
      },
      {
        "type": "Base64 High Entropy String",
        "filename": "docs/pnpm-lock.yaml",
        "hashed_secret": "3f9e1fc36559f2a1b4b96d83dedf4d70184fa2cb",
        "is_verified": false,
        "line_number": 882
      },
      {
        "type": "Base64 High Entropy String",
        "filename": "docs/pnpm-lock.yaml",
        "hashed_secret": "6dc65e380495df9781001c12b0c69be291a08385",
        "is_verified": false,
        "line_number": 885
      },
      {
        "type": "Base64 High Entropy String",
        "filename": "docs/pnpm-lock.yaml",
        "hashed_secret": "3752b70c2c4391586cfb164832e45682b1ecfc22",
        "is_verified": false,
        "line_number": 889
      },
      {
        "type": "Base64 High Entropy String",
        "filename": "docs/pnpm-lock.yaml",
        "hashed_secret": "6299692b8b265d72f726c3edb74bae845488f523",
        "is_verified": false,
        "line_number": 893
      },
      {
        "type": "Base64 High Entropy String",
        "filename": "docs/pnpm-lock.yaml",
        "hashed_secret": "99cb01a94916f4b1a4cd94d7c866029a9e3734ee",
        "is_verified": false,
        "line_number": 897
      },
      {
        "type": "Base64 High Entropy String",
        "filename": "docs/pnpm-lock.yaml",
        "hashed_secret": "a7b3438ed0bddf8a061c03cf6c286d33f09abdad",
        "is_verified": false,
        "line_number": 902
      },
      {
        "type": "Base64 High Entropy String",
        "filename": "docs/pnpm-lock.yaml",
        "hashed_secret": "d45062677e99f28b9a98f4b53e9af8f56b01bb10",
        "is_verified": false,
        "line_number": 906
      },
      {
        "type": "Base64 High Entropy String",
        "filename": "docs/pnpm-lock.yaml",
        "hashed_secret": "9565b61bcf2aafa2128576569978e338bdd1a0bc",
        "is_verified": false,
        "line_number": 915
      },
      {
        "type": "Base64 High Entropy String",
        "filename": "docs/pnpm-lock.yaml",
        "hashed_secret": "30c43b1bdee61a953ab6ac7a37bb4c9ad4eab524",
        "is_verified": false,
        "line_number": 918
      },
      {
        "type": "Base64 High Entropy String",
        "filename": "docs/pnpm-lock.yaml",
        "hashed_secret": "d031e18cc14e54a719197084af4cd6b2372fd005",
        "is_verified": false,
        "line_number": 921
      },
      {
        "type": "Base64 High Entropy String",
        "filename": "docs/pnpm-lock.yaml",
        "hashed_secret": "393b1af671c1c993b7f4425b8460bda0118ad333",
        "is_verified": false,
        "line_number": 925
      },
      {
        "type": "Base64 High Entropy String",
        "filename": "docs/pnpm-lock.yaml",
        "hashed_secret": "bef68af5091abf3bd912b28fd2f8b438426dd79d",
        "is_verified": false,
        "line_number": 928
      },
      {
        "type": "Base64 High Entropy String",
        "filename": "docs/pnpm-lock.yaml",
        "hashed_secret": "da871a41bbaad497091b95180ce131eaab33fd22",
        "is_verified": false,
        "line_number": 932
      },
      {
        "type": "Base64 High Entropy String",
        "filename": "docs/pnpm-lock.yaml",
        "hashed_secret": "dbaf8941e1df2a6cc0af186ab8c288162c591d75",
        "is_verified": false,
        "line_number": 935
      },
      {
        "type": "Base64 High Entropy String",
        "filename": "docs/pnpm-lock.yaml",
        "hashed_secret": "91c343419a537710e348743cf9d73da1ae882734",
        "is_verified": false,
        "line_number": 938
      },
      {
        "type": "Base64 High Entropy String",
        "filename": "docs/pnpm-lock.yaml",
        "hashed_secret": "03003ad42be6a17b89718509f99ebafc68aad095",
        "is_verified": false,
        "line_number": 942
      },
      {
        "type": "Base64 High Entropy String",
        "filename": "docs/pnpm-lock.yaml",
        "hashed_secret": "c5962ed6f5789d3680c05023e03374ddf3c5a567",
        "is_verified": false,
        "line_number": 946
      },
      {
        "type": "Base64 High Entropy String",
        "filename": "docs/pnpm-lock.yaml",
        "hashed_secret": "d41c6cf903d39fadce9238d73df66f09342a88b1",
        "is_verified": false,
        "line_number": 949
      },
      {
        "type": "Base64 High Entropy String",
        "filename": "docs/pnpm-lock.yaml",
        "hashed_secret": "2d166cdb8235457ffd9245bf880e8f2d3de0e8d5",
        "is_verified": false,
        "line_number": 952
      },
      {
        "type": "Base64 High Entropy String",
        "filename": "docs/pnpm-lock.yaml",
        "hashed_secret": "c132450e9e0b1e447c8f427ec4a965e16d8382e2",
        "is_verified": false,
        "line_number": 956
      },
      {
        "type": "Base64 High Entropy String",
        "filename": "docs/pnpm-lock.yaml",
        "hashed_secret": "79d5f0104a02941bb733cdbda70e1fc50f17e868",
        "is_verified": false,
        "line_number": 959
      },
      {
        "type": "Base64 High Entropy String",
        "filename": "docs/pnpm-lock.yaml",
        "hashed_secret": "79493155bf971702ff00e70c7bd59d1e56c9e40c",
        "is_verified": false,
        "line_number": 963
      },
      {
        "type": "Base64 High Entropy String",
        "filename": "docs/pnpm-lock.yaml",
        "hashed_secret": "724b8b97b17ecdc8b343889aa42284f4a4374e2b",
        "is_verified": false,
        "line_number": 967
      },
      {
        "type": "Base64 High Entropy String",
        "filename": "docs/pnpm-lock.yaml",
        "hashed_secret": "eb2959ba057473a75fa0eb6f0b250266088e0746",
        "is_verified": false,
        "line_number": 970
      },
      {
        "type": "Base64 High Entropy String",
        "filename": "docs/pnpm-lock.yaml",
        "hashed_secret": "74b1d988ed59dd5af4b6fce2898f72f10ab4dc16",
        "is_verified": false,
        "line_number": 975
      },
      {
        "type": "Base64 High Entropy String",
        "filename": "docs/pnpm-lock.yaml",
        "hashed_secret": "f5510549eb78e38e2e2423f5f4d579db1c20343a",
        "is_verified": false,
        "line_number": 978
      },
      {
        "type": "Base64 High Entropy String",
        "filename": "docs/pnpm-lock.yaml",
        "hashed_secret": "acce4ef8d841ffa646256da3af7b79ad5cb78158",
        "is_verified": false,
        "line_number": 981
      },
      {
        "type": "Base64 High Entropy String",
        "filename": "docs/pnpm-lock.yaml",
        "hashed_secret": "4fb28b14ff2c4dfd32138126666d09b3b4779da5",
        "is_verified": false,
        "line_number": 984
      },
      {
        "type": "Base64 High Entropy String",
        "filename": "docs/pnpm-lock.yaml",
        "hashed_secret": "7e1d085812721297b6a5540f3b2d9416d2f57efb",
        "is_verified": false,
        "line_number": 987
      },
      {
        "type": "Base64 High Entropy String",
        "filename": "docs/pnpm-lock.yaml",
        "hashed_secret": "75060f54608105bb266d25b69f60c59c2f8afc76",
        "is_verified": false,
        "line_number": 990
      },
      {
        "type": "Base64 High Entropy String",
        "filename": "docs/pnpm-lock.yaml",
        "hashed_secret": "16fa3bfaeef78e32910c87baf9060e51490d09ad",
        "is_verified": false,
        "line_number": 993
      },
      {
        "type": "Base64 High Entropy String",
        "filename": "docs/pnpm-lock.yaml",
        "hashed_secret": "9bc99762b3e30a83c21182942d9d19f12486e449",
        "is_verified": false,
        "line_number": 1002
      },
      {
        "type": "Base64 High Entropy String",
        "filename": "docs/pnpm-lock.yaml",
        "hashed_secret": "e817131d5f9d7d7dfaced1041f3cdbb8c78a06d3",
        "is_verified": false,
        "line_number": 1006
      },
      {
        "type": "Base64 High Entropy String",
        "filename": "docs/pnpm-lock.yaml",
        "hashed_secret": "f7c0cdcb2c3919ca65bb880acb9c00b3a9d97347",
        "is_verified": false,
        "line_number": 1010
      },
      {
        "type": "Base64 High Entropy String",
        "filename": "docs/pnpm-lock.yaml",
        "hashed_secret": "6db0fe3168f2076643f681d20933397d0a615def",
        "is_verified": false,
        "line_number": 1013
      },
      {
        "type": "Base64 High Entropy String",
        "filename": "docs/pnpm-lock.yaml",
        "hashed_secret": "d950cd8ef510429f57fb282e4a437321ca86158c",
        "is_verified": false,
        "line_number": 1017
      },
      {
        "type": "Base64 High Entropy String",
        "filename": "docs/pnpm-lock.yaml",
        "hashed_secret": "1cc64c49896108d204fd0c976c80abb85c7940b1",
        "is_verified": false,
        "line_number": 1022
      },
      {
        "type": "Base64 High Entropy String",
        "filename": "docs/pnpm-lock.yaml",
        "hashed_secret": "11feed34c6a43e2243b0e3251d7a4e61832db36b",
        "is_verified": false,
        "line_number": 1026
      },
      {
        "type": "Base64 High Entropy String",
        "filename": "docs/pnpm-lock.yaml",
        "hashed_secret": "1279e000dfb99b6d8294be26261a1417d0aa93bf",
        "is_verified": false,
        "line_number": 1029
      },
      {
        "type": "Base64 High Entropy String",
        "filename": "docs/pnpm-lock.yaml",
        "hashed_secret": "22e3e44c63438e2f7872d931471fd7d8d82cb738",
        "is_verified": false,
        "line_number": 1032
      },
      {
        "type": "Base64 High Entropy String",
        "filename": "docs/pnpm-lock.yaml",
        "hashed_secret": "b6dcd267f1a14711d94f5b8860980039fd9c5322",
        "is_verified": false,
        "line_number": 1035
      },
      {
        "type": "Base64 High Entropy String",
        "filename": "docs/pnpm-lock.yaml",
        "hashed_secret": "d81352ae63170049e81f7765303e628cf3c2ca3b",
        "is_verified": false,
        "line_number": 1038
      },
      {
        "type": "Base64 High Entropy String",
        "filename": "docs/pnpm-lock.yaml",
        "hashed_secret": "7fbcd60d9b0ec25587cbae1c5fefa149528d435e",
        "is_verified": false,
        "line_number": 1041
      },
      {
        "type": "Base64 High Entropy String",
        "filename": "docs/pnpm-lock.yaml",
        "hashed_secret": "4a5f8dde591a608cfa2336a8892bd84faf3f6fa6",
        "is_verified": false,
        "line_number": 1044
      },
      {
        "type": "Base64 High Entropy String",
        "filename": "docs/pnpm-lock.yaml",
        "hashed_secret": "9a2da208359290244b53ca1ca5e91c4249d8f298",
        "is_verified": false,
        "line_number": 1047
      },
      {
        "type": "Base64 High Entropy String",
        "filename": "docs/pnpm-lock.yaml",
        "hashed_secret": "c73d5fe546a436b30bdec90b571803faa29161c0",
        "is_verified": false,
        "line_number": 1050
      },
      {
        "type": "Base64 High Entropy String",
        "filename": "docs/pnpm-lock.yaml",
        "hashed_secret": "5c4f05034498e7d4b60534851273d2707cd5f42d",
        "is_verified": false,
        "line_number": 1053
      },
      {
        "type": "Base64 High Entropy String",
        "filename": "docs/pnpm-lock.yaml",
        "hashed_secret": "23f88dc3dc7c63514fc45c9b697f1a0983423f20",
        "is_verified": false,
        "line_number": 1056
      },
      {
        "type": "Base64 High Entropy String",
        "filename": "docs/pnpm-lock.yaml",
        "hashed_secret": "6b480f88105d1d6f58deb5c93ce778e95daab763",
        "is_verified": false,
        "line_number": 1059
      },
      {
        "type": "Base64 High Entropy String",
        "filename": "docs/pnpm-lock.yaml",
        "hashed_secret": "f31f5c5e07860e507d3010420df85f9b64360a14",
        "is_verified": false,
        "line_number": 1062
      },
      {
        "type": "Base64 High Entropy String",
        "filename": "docs/pnpm-lock.yaml",
        "hashed_secret": "c13019d9b575d1a10e507a546e858569e335b12e",
        "is_verified": false,
        "line_number": 1065
      },
      {
        "type": "Base64 High Entropy String",
        "filename": "docs/pnpm-lock.yaml",
        "hashed_secret": "2d4c99fda7bfa97703c58c10a3f406dffea5b103",
        "is_verified": false,
        "line_number": 1068
      },
      {
        "type": "Base64 High Entropy String",
        "filename": "docs/pnpm-lock.yaml",
        "hashed_secret": "d3063fb8878cd870d06706fb7de1fbf791b78dd8",
        "is_verified": false,
        "line_number": 1071
      },
      {
        "type": "Base64 High Entropy String",
        "filename": "docs/pnpm-lock.yaml",
        "hashed_secret": "36edabbafae271b0672b63ccc1c69d82c4d94a0e",
        "is_verified": false,
        "line_number": 1074
      },
      {
        "type": "Base64 High Entropy String",
        "filename": "docs/pnpm-lock.yaml",
        "hashed_secret": "395c2fd7dd96691ca2f110afa91b51ffc6f26d97",
        "is_verified": false,
        "line_number": 1077
      },
      {
        "type": "Base64 High Entropy String",
        "filename": "docs/pnpm-lock.yaml",
        "hashed_secret": "1415c5cca0ffb0c3a02bb9fa8da2b80bb4f27814",
        "is_verified": false,
        "line_number": 1080
      },
      {
        "type": "Base64 High Entropy String",
        "filename": "docs/pnpm-lock.yaml",
        "hashed_secret": "70a9b00efd81fb7508f8c8f40f83d1ffe4cea469",
        "is_verified": false,
        "line_number": 1083
      },
      {
        "type": "Base64 High Entropy String",
        "filename": "docs/pnpm-lock.yaml",
        "hashed_secret": "203c30bbeb5ac2bdc7aed699e19176ba560ef128",
        "is_verified": false,
        "line_number": 1086
      },
      {
        "type": "Base64 High Entropy String",
        "filename": "docs/pnpm-lock.yaml",
        "hashed_secret": "3eb049c39469e6db0007c6428ebdb58b70c4e978",
        "is_verified": false,
        "line_number": 1094
      },
      {
        "type": "Base64 High Entropy String",
        "filename": "docs/pnpm-lock.yaml",
        "hashed_secret": "1e8b8a60def9fb8f8c82d1e179ce58c72153919f",
        "is_verified": false,
        "line_number": 1097
      },
      {
        "type": "Base64 High Entropy String",
        "filename": "docs/pnpm-lock.yaml",
        "hashed_secret": "80ff4b9ea3008303d30330c97e58802255dc7593",
        "is_verified": false,
        "line_number": 1100
      },
      {
        "type": "Base64 High Entropy String",
        "filename": "docs/pnpm-lock.yaml",
        "hashed_secret": "9cec1315b7372e1295e71f729deec833d65722fb",
        "is_verified": false,
        "line_number": 1103
      },
      {
        "type": "Base64 High Entropy String",
        "filename": "docs/pnpm-lock.yaml",
        "hashed_secret": "bf5733b128447ecc759d245fb7fe3c982f87b45c",
        "is_verified": false,
        "line_number": 1106
      },
      {
        "type": "Base64 High Entropy String",
        "filename": "docs/pnpm-lock.yaml",
        "hashed_secret": "43dc656bfd918cc743c84a579f03cb2d5b90b3dd",
        "is_verified": false,
        "line_number": 1111
      },
      {
        "type": "Base64 High Entropy String",
        "filename": "docs/pnpm-lock.yaml",
        "hashed_secret": "523696dbce7fa1ba78c3e9e7ced068a037d0e6a1",
        "is_verified": false,
        "line_number": 1114
      },
      {
        "type": "Base64 High Entropy String",
        "filename": "docs/pnpm-lock.yaml",
        "hashed_secret": "3fa9bd4ed994a7fc854b3715780ea1dbe2cc21f2",
        "is_verified": false,
        "line_number": 1118
      },
      {
        "type": "Base64 High Entropy String",
        "filename": "docs/pnpm-lock.yaml",
        "hashed_secret": "4ad6c7f8512a5eff9b7dbe3e51f27d1c5bf325f7",
        "is_verified": false,
        "line_number": 1122
      },
      {
        "type": "Base64 High Entropy String",
        "filename": "docs/pnpm-lock.yaml",
        "hashed_secret": "0778aa78a5a919686e5f08ebffbd2cc94a8853e8",
        "is_verified": false,
        "line_number": 1125
      },
      {
        "type": "Base64 High Entropy String",
        "filename": "docs/pnpm-lock.yaml",
        "hashed_secret": "0141e38b153935e95da3fd06b27caf05638ad003",
        "is_verified": false,
        "line_number": 1129
      },
      {
        "type": "Base64 High Entropy String",
        "filename": "docs/pnpm-lock.yaml",
        "hashed_secret": "51d9545306e03debf5590a13c4d34bd8c0d2460d",
        "is_verified": false,
        "line_number": 1135
      },
      {
        "type": "Base64 High Entropy String",
        "filename": "docs/pnpm-lock.yaml",
        "hashed_secret": "c3d8dd06f71d794628bea0bb824b4f4a52c126c2",
        "is_verified": false,
        "line_number": 1141
      },
      {
        "type": "Base64 High Entropy String",
        "filename": "docs/pnpm-lock.yaml",
        "hashed_secret": "53bee552868794c0c5d87dfeb496468cca7804b0",
        "is_verified": false,
        "line_number": 1147
      },
      {
        "type": "Base64 High Entropy String",
        "filename": "docs/pnpm-lock.yaml",
        "hashed_secret": "b9b391df2894b45a9706c675fa6bf3b755977317",
        "is_verified": false,
        "line_number": 1153
      },
      {
        "type": "Base64 High Entropy String",
        "filename": "docs/pnpm-lock.yaml",
        "hashed_secret": "2ab31b80dd6c2463d1c42eb22040b6a3f49111b9",
        "is_verified": false,
        "line_number": 1159
      },
      {
        "type": "Base64 High Entropy String",
        "filename": "docs/pnpm-lock.yaml",
        "hashed_secret": "71702f8351508a30c45be724aed92bd0cb42b49e",
        "is_verified": false,
        "line_number": 1166
      },
      {
        "type": "Base64 High Entropy String",
        "filename": "docs/pnpm-lock.yaml",
        "hashed_secret": "72b30d1d58810af46c74856e66a9074c7abbfdb8",
        "is_verified": false,
        "line_number": 1173
      },
      {
        "type": "Base64 High Entropy String",
        "filename": "docs/pnpm-lock.yaml",
        "hashed_secret": "5baaebb18405cd588018efadd5f6a2bd2991ca4a",
        "is_verified": false,
        "line_number": 1180
      },
      {
        "type": "Base64 High Entropy String",
        "filename": "docs/pnpm-lock.yaml",
        "hashed_secret": "19fd7c24f2fc841f87490382baea1ed7b38f79df",
        "is_verified": false,
        "line_number": 1187
      },
      {
        "type": "Base64 High Entropy String",
        "filename": "docs/pnpm-lock.yaml",
        "hashed_secret": "8dd9ec29dee43ce3c1a941bd08cc0103e5658d43",
        "is_verified": false,
        "line_number": 1193
      },
      {
        "type": "Base64 High Entropy String",
        "filename": "docs/pnpm-lock.yaml",
        "hashed_secret": "3a4ec67e62c2e0306d364f269613065ac22b0f24",
        "is_verified": false,
        "line_number": 1199
      },
      {
        "type": "Base64 High Entropy String",
        "filename": "docs/pnpm-lock.yaml",
        "hashed_secret": "c4de6f94f8f7a0f08c01a965f6a643d1c57f5c61",
        "is_verified": false,
        "line_number": 1203
      },
      {
        "type": "Base64 High Entropy String",
        "filename": "docs/pnpm-lock.yaml",
        "hashed_secret": "a63b3810f3ffdb34ff747bc6a9fa79107926ed84",
        "is_verified": false,
        "line_number": 1206
      },
      {
        "type": "Base64 High Entropy String",
        "filename": "docs/pnpm-lock.yaml",
        "hashed_secret": "ad826b274e355025831e305c2b8cc1f7179bb770",
        "is_verified": false,
        "line_number": 1210
      },
      {
        "type": "Base64 High Entropy String",
        "filename": "docs/pnpm-lock.yaml",
        "hashed_secret": "ba6f7523065607686cff4089acf4b478a91a230f",
        "is_verified": false,
        "line_number": 1213
      },
      {
        "type": "Base64 High Entropy String",
        "filename": "docs/pnpm-lock.yaml",
        "hashed_secret": "412740b9cef3a879687f652dddbf9f30cf259838",
        "is_verified": false,
        "line_number": 1216
      },
      {
        "type": "Base64 High Entropy String",
        "filename": "docs/pnpm-lock.yaml",
        "hashed_secret": "72a79417ad2fe4b674820c0d880ce5119131e9cc",
        "is_verified": false,
        "line_number": 1219
      },
      {
        "type": "Base64 High Entropy String",
        "filename": "docs/pnpm-lock.yaml",
        "hashed_secret": "d3972dcaca2a5c591cb7a09776b0dc338f544820",
        "is_verified": false,
        "line_number": 1222
      },
      {
        "type": "Base64 High Entropy String",
        "filename": "docs/pnpm-lock.yaml",
        "hashed_secret": "a43d82b1bb02a76982f03708a4c77d9717f5f5c1",
        "is_verified": false,
        "line_number": 1225
      },
      {
        "type": "Base64 High Entropy String",
        "filename": "docs/pnpm-lock.yaml",
        "hashed_secret": "5c6fd1ad37e6f3656e527822c052f74a1bcd4b42",
        "is_verified": false,
        "line_number": 1228
      },
      {
        "type": "Base64 High Entropy String",
        "filename": "docs/pnpm-lock.yaml",
        "hashed_secret": "f88647a1b4c22c3707f1fac4105d45bb98c5bc64",
        "is_verified": false,
        "line_number": 1231
      },
      {
        "type": "Base64 High Entropy String",
        "filename": "docs/pnpm-lock.yaml",
        "hashed_secret": "5dde0087964c0513dad5897029fd9b517ecaec9b",
        "is_verified": false,
        "line_number": 1234
      },
      {
        "type": "Base64 High Entropy String",
        "filename": "docs/pnpm-lock.yaml",
        "hashed_secret": "8e193ad7099ffd82fbb600c11c8e057de00db18a",
        "is_verified": false,
        "line_number": 1237
      },
      {
        "type": "Base64 High Entropy String",
        "filename": "docs/pnpm-lock.yaml",
        "hashed_secret": "79530a702b5cdd581150cc6ad6a7d16b50bab092",
        "is_verified": false,
        "line_number": 1240
      },
      {
        "type": "Base64 High Entropy String",
        "filename": "docs/pnpm-lock.yaml",
        "hashed_secret": "3b4fd40f96af364ab965788d46490962e67aeed2",
        "is_verified": false,
        "line_number": 1243
      },
      {
        "type": "Base64 High Entropy String",
        "filename": "docs/pnpm-lock.yaml",
        "hashed_secret": "8efeb0ea3d48a3a2b2a090a7c8010755a2915fc0",
        "is_verified": false,
        "line_number": 1246
      },
      {
        "type": "Base64 High Entropy String",
        "filename": "docs/pnpm-lock.yaml",
        "hashed_secret": "37da2eab0a1a2eb5aca7e20ec5a339dbe92c65d2",
        "is_verified": false,
        "line_number": 1249
      },
      {
        "type": "Base64 High Entropy String",
        "filename": "docs/pnpm-lock.yaml",
        "hashed_secret": "2c51dc6c745842f8fbf71a2c28e780f1533f8fe7",
        "is_verified": false,
        "line_number": 1252
      },
      {
        "type": "Base64 High Entropy String",
        "filename": "docs/pnpm-lock.yaml",
        "hashed_secret": "414e5b40034f7acb7f416a296ca1c2345f280da0",
        "is_verified": false,
        "line_number": 1255
      },
      {
        "type": "Base64 High Entropy String",
        "filename": "docs/pnpm-lock.yaml",
        "hashed_secret": "b0669b6ec44009fc2ce9b137b86ecb0dce0e67fd",
        "is_verified": false,
        "line_number": 1258
      },
      {
        "type": "Base64 High Entropy String",
        "filename": "docs/pnpm-lock.yaml",
        "hashed_secret": "792a1156c3600bde64fe6afdb70027451714a505",
        "is_verified": false,
        "line_number": 1261
      },
      {
        "type": "Base64 High Entropy String",
        "filename": "docs/pnpm-lock.yaml",
        "hashed_secret": "af7df54d476b7e073039dbc773c624f8f97629b8",
        "is_verified": false,
        "line_number": 1264
      },
      {
        "type": "Base64 High Entropy String",
        "filename": "docs/pnpm-lock.yaml",
        "hashed_secret": "feb32ba7caba22bc1bfc8fa40d3aab70d80c3711",
        "is_verified": false,
        "line_number": 1267
      },
      {
        "type": "Base64 High Entropy String",
        "filename": "docs/pnpm-lock.yaml",
        "hashed_secret": "265f0d4504aecf5901e39e1a846b464af8f548a1",
        "is_verified": false,
        "line_number": 1270
      },
      {
        "type": "Base64 High Entropy String",
        "filename": "docs/pnpm-lock.yaml",
        "hashed_secret": "0643e1dd5e6fa6e7bf26a459decc1c8bf9eb0d01",
        "is_verified": false,
        "line_number": 1273
      },
      {
        "type": "Base64 High Entropy String",
        "filename": "docs/pnpm-lock.yaml",
        "hashed_secret": "9dd8c628f27bb52398e48ddbcb3458495642f294",
        "is_verified": false,
        "line_number": 1276
      },
      {
        "type": "Base64 High Entropy String",
        "filename": "docs/pnpm-lock.yaml",
        "hashed_secret": "109cd598436e4dbd5c935b071213eb93a9708f76",
        "is_verified": false,
        "line_number": 1279
      },
      {
        "type": "Base64 High Entropy String",
        "filename": "docs/pnpm-lock.yaml",
        "hashed_secret": "d640cd5c7ce3473bcecf0c2a20aa4af797104959",
        "is_verified": false,
        "line_number": 1282
      },
      {
        "type": "Base64 High Entropy String",
        "filename": "docs/pnpm-lock.yaml",
        "hashed_secret": "4efd847a5850eeae332676e2b684fafdcdec75af",
        "is_verified": false,
        "line_number": 1285
      },
      {
        "type": "Base64 High Entropy String",
        "filename": "docs/pnpm-lock.yaml",
        "hashed_secret": "eaf09abc5e0c47680c2e017deb2f21c42aa080df",
        "is_verified": false,
        "line_number": 1288
      },
      {
        "type": "Base64 High Entropy String",
        "filename": "docs/pnpm-lock.yaml",
        "hashed_secret": "884dbfc05c081ec180a4161939d88eeac20e5069",
        "is_verified": false,
        "line_number": 1291
      },
      {
        "type": "Base64 High Entropy String",
        "filename": "docs/pnpm-lock.yaml",
        "hashed_secret": "541dfcea68a9f74d492a6578e75b29b6c76b6eb7",
        "is_verified": false,
        "line_number": 1294
      },
      {
        "type": "Base64 High Entropy String",
        "filename": "docs/pnpm-lock.yaml",
        "hashed_secret": "1cbcaee55711fa79b8e31ea01993e469b1e7a103",
        "is_verified": false,
        "line_number": 1297
      },
      {
        "type": "Base64 High Entropy String",
        "filename": "docs/pnpm-lock.yaml",
        "hashed_secret": "7a3ba83c9e664a7e4ca91d47bddf0368f196635d",
        "is_verified": false,
        "line_number": 1300
      },
      {
        "type": "Base64 High Entropy String",
        "filename": "docs/pnpm-lock.yaml",
        "hashed_secret": "0272672e07bf95193ae1149d4fe8e21c2e057326",
        "is_verified": false,
        "line_number": 1303
      },
      {
        "type": "Base64 High Entropy String",
        "filename": "docs/pnpm-lock.yaml",
        "hashed_secret": "aa2add0e083112de14c80fd8d81ec606de67ee43",
        "is_verified": false,
        "line_number": 1306
      },
      {
        "type": "Base64 High Entropy String",
        "filename": "docs/pnpm-lock.yaml",
        "hashed_secret": "805d9656080308c11cde7cb7f0310e12c7e60c48",
        "is_verified": false,
        "line_number": 1310
      },
      {
        "type": "Base64 High Entropy String",
        "filename": "docs/pnpm-lock.yaml",
        "hashed_secret": "9842cbe9436bfcd1d381c0a7bf85481d281bb8af",
        "is_verified": false,
        "line_number": 1313
      },
      {
        "type": "Base64 High Entropy String",
        "filename": "docs/pnpm-lock.yaml",
        "hashed_secret": "0e851dcad71efaa6de2afd142e74a36ea4edad60",
        "is_verified": false,
        "line_number": 1318
      },
      {
        "type": "Base64 High Entropy String",
        "filename": "docs/pnpm-lock.yaml",
        "hashed_secret": "6983af64acd464fcd939a0a667bb6efc49c7534e",
        "is_verified": false,
        "line_number": 1322
      },
      {
        "type": "Base64 High Entropy String",
        "filename": "docs/pnpm-lock.yaml",
        "hashed_secret": "dcc4cd9f908162383337b56c0acac91164c20b07",
        "is_verified": false,
        "line_number": 1325
      },
      {
        "type": "Base64 High Entropy String",
        "filename": "docs/pnpm-lock.yaml",
        "hashed_secret": "57b08e092305133a23eaf8def40bde39be2d2ddc",
        "is_verified": false,
        "line_number": 1328
      },
      {
        "type": "Base64 High Entropy String",
        "filename": "docs/pnpm-lock.yaml",
        "hashed_secret": "0a68e003e521d8b996e1c07b3b5b2664de31fa44",
        "is_verified": false,
        "line_number": 1331
      },
      {
        "type": "Base64 High Entropy String",
        "filename": "docs/pnpm-lock.yaml",
        "hashed_secret": "fda32d3b8f9d0ef2ac63b23ae181cd96000602d1",
        "is_verified": false,
        "line_number": 1335
      },
      {
        "type": "Base64 High Entropy String",
        "filename": "docs/pnpm-lock.yaml",
        "hashed_secret": "2d1693f30ae64d7690b94c7af034d7e2b737050b",
        "is_verified": false,
        "line_number": 1338
      },
      {
        "type": "Base64 High Entropy String",
        "filename": "docs/pnpm-lock.yaml",
        "hashed_secret": "6766e1afd87dca4a44ddd9270259061f327376d2",
        "is_verified": false,
        "line_number": 1342
      },
      {
        "type": "Base64 High Entropy String",
        "filename": "docs/pnpm-lock.yaml",
        "hashed_secret": "20ba23bf01ebb1c82b45b99b15ab6f27a1ff6cbe",
        "is_verified": false,
        "line_number": 1345
      },
      {
        "type": "Base64 High Entropy String",
        "filename": "docs/pnpm-lock.yaml",
        "hashed_secret": "ab3a24a16e5e2fdbc99f82863ecbf2b0816c2fff",
        "is_verified": false,
        "line_number": 1348
      },
      {
        "type": "Base64 High Entropy String",
        "filename": "docs/pnpm-lock.yaml",
        "hashed_secret": "d96caf0edf3044fda117378027401c9d5bfa791f",
        "is_verified": false,
        "line_number": 1351
      },
      {
        "type": "Base64 High Entropy String",
        "filename": "docs/pnpm-lock.yaml",
        "hashed_secret": "aaa8669d5dc85716b32949febd2658b0c23d83c4",
        "is_verified": false,
        "line_number": 1354
      },
      {
        "type": "Base64 High Entropy String",
        "filename": "docs/pnpm-lock.yaml",
        "hashed_secret": "3501ccba209902489be2bf3f090ee2ce3bcb8b7a",
        "is_verified": false,
        "line_number": 1358
      },
      {
        "type": "Base64 High Entropy String",
        "filename": "docs/pnpm-lock.yaml",
        "hashed_secret": "38ce713de17e1a1f1466ef208d81c552a1c4c12f",
        "is_verified": false,
        "line_number": 1362
      },
      {
        "type": "Base64 High Entropy String",
        "filename": "docs/pnpm-lock.yaml",
        "hashed_secret": "d50e84f1e9568ba4bbbed9e90700cd03e0efda0e",
        "is_verified": false,
        "line_number": 1366
      },
      {
        "type": "Base64 High Entropy String",
        "filename": "docs/pnpm-lock.yaml",
        "hashed_secret": "e384405dfe71da7075e7b4d5f093d2440da964e9",
        "is_verified": false,
        "line_number": 1369
      },
      {
        "type": "Base64 High Entropy String",
        "filename": "docs/pnpm-lock.yaml",
        "hashed_secret": "ab840a50bf838c62ac16ef5ef0bd5249bbb945e0",
        "is_verified": false,
        "line_number": 1373
      },
      {
        "type": "Base64 High Entropy String",
        "filename": "docs/pnpm-lock.yaml",
        "hashed_secret": "6545573dbbba2c714175b9fa8653dc386edfa68e",
        "is_verified": false,
        "line_number": 1376
      },
      {
        "type": "Base64 High Entropy String",
        "filename": "docs/pnpm-lock.yaml",
        "hashed_secret": "4439cc784aca22e5cdf33ed6656f5b8b99eaa44d",
        "is_verified": false,
        "line_number": 1379
      },
      {
        "type": "Base64 High Entropy String",
        "filename": "docs/pnpm-lock.yaml",
        "hashed_secret": "3bae03646f3110a32c0d619e0c5fb4a15d624dfb",
        "is_verified": false,
        "line_number": 1382
      },
      {
        "type": "Base64 High Entropy String",
        "filename": "docs/pnpm-lock.yaml",
        "hashed_secret": "7a1c3bb90870d41661b42eeb0b816ace37ec95dd",
        "is_verified": false,
        "line_number": 1386
      },
      {
        "type": "Base64 High Entropy String",
        "filename": "docs/pnpm-lock.yaml",
        "hashed_secret": "98cfc88c41acb04d6ec27abde34442bb401d46ea",
        "is_verified": false,
        "line_number": 1390
      },
      {
        "type": "Base64 High Entropy String",
        "filename": "docs/pnpm-lock.yaml",
        "hashed_secret": "9b24cc9c8cc871171c9caf825d08a51e65462f2c",
        "is_verified": false,
        "line_number": 1396
      },
      {
        "type": "Base64 High Entropy String",
        "filename": "docs/pnpm-lock.yaml",
        "hashed_secret": "5f19e9d4173aa117d05f21fec614391186a281d3",
        "is_verified": false,
        "line_number": 1400
      },
      {
        "type": "Base64 High Entropy String",
        "filename": "docs/pnpm-lock.yaml",
        "hashed_secret": "dc8fbc55196b3ff1584418359f6b7b97976a5fe7",
        "is_verified": false,
        "line_number": 1404
      },
      {
        "type": "Base64 High Entropy String",
        "filename": "docs/pnpm-lock.yaml",
        "hashed_secret": "13c23c486b532d68b31a1129e3d62308e0cc6ddb",
        "is_verified": false,
        "line_number": 1408
      },
      {
        "type": "Base64 High Entropy String",
        "filename": "docs/pnpm-lock.yaml",
        "hashed_secret": "001289825b7ad97bfff2b4920c44c713a189c19d",
        "is_verified": false,
        "line_number": 1412
      },
      {
        "type": "Base64 High Entropy String",
        "filename": "docs/pnpm-lock.yaml",
        "hashed_secret": "426fa370a5193fafaec198b91184df760f28d7a6",
        "is_verified": false,
        "line_number": 1415
      },
      {
        "type": "Base64 High Entropy String",
        "filename": "docs/pnpm-lock.yaml",
        "hashed_secret": "50097694d8feb047855e88d985dc7e113bd946b6",
        "is_verified": false,
        "line_number": 1418
      },
      {
        "type": "Base64 High Entropy String",
        "filename": "docs/pnpm-lock.yaml",
        "hashed_secret": "8fd098a872474859bcce3e25efacdaf7d273a6e0",
        "is_verified": false,
        "line_number": 1422
      },
      {
        "type": "Base64 High Entropy String",
        "filename": "docs/pnpm-lock.yaml",
        "hashed_secret": "4e416a02c571be91e08682290d440c7879f08dc5",
        "is_verified": false,
        "line_number": 1425
      },
      {
        "type": "Base64 High Entropy String",
        "filename": "docs/pnpm-lock.yaml",
        "hashed_secret": "8e99c1f9576bd09988b587bee6558c06a4ffa4ca",
        "is_verified": false,
        "line_number": 1428
      },
      {
        "type": "Base64 High Entropy String",
        "filename": "docs/pnpm-lock.yaml",
        "hashed_secret": "ebf2dea43c1be90ec82b0ad07ba6908c8a0c9a60",
        "is_verified": false,
        "line_number": 1431
      },
      {
        "type": "Base64 High Entropy String",
        "filename": "docs/pnpm-lock.yaml",
        "hashed_secret": "c88d81db28e032098535c52f0c09752e26b07b27",
        "is_verified": false,
        "line_number": 1434
      },
      {
        "type": "Base64 High Entropy String",
        "filename": "docs/pnpm-lock.yaml",
        "hashed_secret": "17df0cf1bffb39d85a2aea45c887f1998ffc48a8",
        "is_verified": false,
        "line_number": 1437
      },
      {
        "type": "Base64 High Entropy String",
        "filename": "docs/pnpm-lock.yaml",
        "hashed_secret": "4af02ccaf032e27930e7d330b50fa12a03278cae",
        "is_verified": false,
        "line_number": 1440
      },
      {
        "type": "Base64 High Entropy String",
        "filename": "docs/pnpm-lock.yaml",
        "hashed_secret": "aecb7b06099209e49783cde0b3371bd7d92219de",
        "is_verified": false,
        "line_number": 1443
      },
      {
        "type": "Base64 High Entropy String",
        "filename": "docs/pnpm-lock.yaml",
        "hashed_secret": "693f9d61f45e5dbb389e91a1826ba456a87661e9",
        "is_verified": false,
        "line_number": 1448
      },
      {
        "type": "Base64 High Entropy String",
        "filename": "docs/pnpm-lock.yaml",
        "hashed_secret": "b695eac330659def1cab33fab143b8580f82c474",
        "is_verified": false,
        "line_number": 1451
      },
      {
        "type": "Base64 High Entropy String",
        "filename": "docs/pnpm-lock.yaml",
        "hashed_secret": "2ddb7c065579b434d9d1508bc0c6dcdc4d249f76",
        "is_verified": false,
        "line_number": 1455
      },
      {
        "type": "Base64 High Entropy String",
        "filename": "docs/pnpm-lock.yaml",
        "hashed_secret": "b1d113cdc262a260874639256733a72afd3d64c5",
        "is_verified": false,
        "line_number": 1460
      },
      {
        "type": "Base64 High Entropy String",
        "filename": "docs/pnpm-lock.yaml",
        "hashed_secret": "3b3e9a1b1c112b7efb902f475b9fdfdc454f6d0c",
        "is_verified": false,
        "line_number": 1469
      },
      {
        "type": "Base64 High Entropy String",
        "filename": "docs/pnpm-lock.yaml",
        "hashed_secret": "1cd2da65cad037921545ced1b59828f5d5166bbd",
        "is_verified": false,
        "line_number": 1473
      },
      {
        "type": "Base64 High Entropy String",
        "filename": "docs/pnpm-lock.yaml",
        "hashed_secret": "324f27819c1f0b3f3b4c7f325b47bbb8d22bd154",
        "is_verified": false,
        "line_number": 1476
      },
      {
        "type": "Base64 High Entropy String",
        "filename": "docs/pnpm-lock.yaml",
        "hashed_secret": "4048559f9c6f6a692701b68d23adc2461e528e68",
        "is_verified": false,
        "line_number": 1481
      },
      {
        "type": "Base64 High Entropy String",
        "filename": "docs/pnpm-lock.yaml",
        "hashed_secret": "336d02c1e7195c5237197b5884304099ab15c6ba",
        "is_verified": false,
        "line_number": 1485
      },
      {
        "type": "Base64 High Entropy String",
        "filename": "docs/pnpm-lock.yaml",
        "hashed_secret": "7aa114aa9a7bfd188312ad99782db3d5355eda95",
        "is_verified": false,
        "line_number": 1489
      },
      {
        "type": "Base64 High Entropy String",
        "filename": "docs/pnpm-lock.yaml",
        "hashed_secret": "2558599ab14e11c4e61eb6c940041453b8dbb70d",
        "is_verified": false,
        "line_number": 1492
      },
      {
        "type": "Base64 High Entropy String",
        "filename": "docs/pnpm-lock.yaml",
        "hashed_secret": "f082479f4fd0ce5d4ddaebbc928b4b2f20dd4d4e",
        "is_verified": false,
        "line_number": 1495
      },
      {
        "type": "Base64 High Entropy String",
        "filename": "docs/pnpm-lock.yaml",
        "hashed_secret": "042db97b076de80f314501d3df886c7620918982",
        "is_verified": false,
        "line_number": 1500
      },
      {
        "type": "Base64 High Entropy String",
        "filename": "docs/pnpm-lock.yaml",
        "hashed_secret": "67c7f8f19c0ce4fb1bda43add2c5cfa012e947d4",
        "is_verified": false,
        "line_number": 1503
      },
      {
        "type": "Base64 High Entropy String",
        "filename": "docs/pnpm-lock.yaml",
        "hashed_secret": "6ca46df3610189d2ee260d0385aa10bce2a8b996",
        "is_verified": false,
        "line_number": 1507
      },
      {
        "type": "Base64 High Entropy String",
        "filename": "docs/pnpm-lock.yaml",
        "hashed_secret": "d6233dd65dfcbe4d7aaae3262255027e3185f41a",
        "is_verified": false,
        "line_number": 1511
      },
      {
        "type": "Base64 High Entropy String",
        "filename": "docs/pnpm-lock.yaml",
        "hashed_secret": "c8ac07caa8b70b9e60a7cc5785840065a9d2eff1",
        "is_verified": false,
        "line_number": 1515
      },
      {
        "type": "Base64 High Entropy String",
        "filename": "docs/pnpm-lock.yaml",
        "hashed_secret": "cd2e12140e63538d725bf39d6bcd7da6976c19bc",
        "is_verified": false,
        "line_number": 1518
      },
      {
        "type": "Base64 High Entropy String",
        "filename": "docs/pnpm-lock.yaml",
        "hashed_secret": "9bf200e3147a1d837839d6bf5b649716c1537cbb",
        "is_verified": false,
        "line_number": 1521
      },
      {
        "type": "Base64 High Entropy String",
        "filename": "docs/pnpm-lock.yaml",
        "hashed_secret": "58a41c5a92a1efe7d6b1b2542f0338625b382557",
        "is_verified": false,
        "line_number": 1524
      },
      {
        "type": "Base64 High Entropy String",
        "filename": "docs/pnpm-lock.yaml",
        "hashed_secret": "85b1517394dae18afe3f4f56f6cdbfd0ac34c851",
        "is_verified": false,
        "line_number": 1527
      },
      {
        "type": "Base64 High Entropy String",
        "filename": "docs/pnpm-lock.yaml",
        "hashed_secret": "b293fb41672377c597cac9ccf828526614ccb2ed",
        "is_verified": false,
        "line_number": 1530
      },
      {
        "type": "Base64 High Entropy String",
        "filename": "docs/pnpm-lock.yaml",
        "hashed_secret": "2a3c469cc37ae3286c10371b18113225f36ed78a",
        "is_verified": false,
        "line_number": 1533
      },
      {
        "type": "Base64 High Entropy String",
        "filename": "docs/pnpm-lock.yaml",
        "hashed_secret": "18501cacae34edef18df526b760d1574d98baa16",
        "is_verified": false,
        "line_number": 1536
      },
      {
        "type": "Base64 High Entropy String",
        "filename": "docs/pnpm-lock.yaml",
        "hashed_secret": "3ea284f94ec920b901878d173bcca0b98514b672",
        "is_verified": false,
        "line_number": 1540
      },
      {
        "type": "Base64 High Entropy String",
        "filename": "docs/pnpm-lock.yaml",
        "hashed_secret": "4368e120f9fe1a606abab646779119e475040f6f",
        "is_verified": false,
        "line_number": 1543
      },
      {
        "type": "Base64 High Entropy String",
        "filename": "docs/pnpm-lock.yaml",
        "hashed_secret": "aa9e8d6464b9142712e4096491699ba46c641acc",
        "is_verified": false,
        "line_number": 1546
      },
      {
        "type": "Base64 High Entropy String",
        "filename": "docs/pnpm-lock.yaml",
        "hashed_secret": "f602e09f0678d8dd41830125dc283eb47750a893",
        "is_verified": false,
        "line_number": 1549
      },
      {
        "type": "Base64 High Entropy String",
        "filename": "docs/pnpm-lock.yaml",
        "hashed_secret": "9a9c48cdcf1e676cd67b5a518e3179bbb5c45945",
        "is_verified": false,
        "line_number": 1552
      },
      {
        "type": "Base64 High Entropy String",
        "filename": "docs/pnpm-lock.yaml",
        "hashed_secret": "62e729afe8b83c39fe12240d3009701ceae77e8d",
        "is_verified": false,
        "line_number": 1555
      },
      {
        "type": "Base64 High Entropy String",
        "filename": "docs/pnpm-lock.yaml",
        "hashed_secret": "f4e6a8d0fa33a7dfe3e654a159c5510de82f2d91",
        "is_verified": false,
        "line_number": 1558
      },
      {
        "type": "Base64 High Entropy String",
        "filename": "docs/pnpm-lock.yaml",
        "hashed_secret": "cfea511a0cbba9944cabfbd30103ce21434865ed",
        "is_verified": false,
        "line_number": 1561
      },
      {
        "type": "Base64 High Entropy String",
        "filename": "docs/pnpm-lock.yaml",
        "hashed_secret": "ec0abf478fcf5f0025b2e3ef9df3960b47de0fbf",
        "is_verified": false,
        "line_number": 1564
      },
      {
        "type": "Base64 High Entropy String",
        "filename": "docs/pnpm-lock.yaml",
        "hashed_secret": "7fc5c955da9ce3a82d325bafb23e6082130f5bfc",
        "is_verified": false,
        "line_number": 1626
      },
      {
        "type": "Base64 High Entropy String",
        "filename": "docs/pnpm-lock.yaml",
        "hashed_secret": "735bd20202e59e618bfe941a5941731da477e7b6",
        "is_verified": false,
        "line_number": 1630
      },
      {
        "type": "Base64 High Entropy String",
        "filename": "docs/pnpm-lock.yaml",
        "hashed_secret": "29541c7cd266a8d9c8a81b9bd9aebfdcfa92557b",
        "is_verified": false,
        "line_number": 1633
      },
      {
        "type": "Base64 High Entropy String",
        "filename": "docs/pnpm-lock.yaml",
        "hashed_secret": "10af1db589c7ec869e82074e6bb65cc5a4a6f3d7",
        "is_verified": false,
        "line_number": 1637
      },
      {
        "type": "Base64 High Entropy String",
        "filename": "docs/pnpm-lock.yaml",
        "hashed_secret": "24cac35b603c4f62f26c8d890617e134c1746183",
        "is_verified": false,
        "line_number": 1640
      },
      {
        "type": "Base64 High Entropy String",
        "filename": "docs/pnpm-lock.yaml",
        "hashed_secret": "e48d86c67b337adf91b62d6c0c6fde4a503e5f3a",
        "is_verified": false,
        "line_number": 1643
      },
      {
        "type": "Base64 High Entropy String",
        "filename": "docs/pnpm-lock.yaml",
        "hashed_secret": "8ac9d9448e688e8f94e810f2c49fd9b728bd2041",
        "is_verified": false,
        "line_number": 1686
      },
      {
        "type": "Base64 High Entropy String",
        "filename": "docs/pnpm-lock.yaml",
        "hashed_secret": "80b1a76c8359c477ab54935ccdf570d4c54599d0",
        "is_verified": false,
        "line_number": 1694
      },
      {
        "type": "Base64 High Entropy String",
        "filename": "docs/pnpm-lock.yaml",
        "hashed_secret": "eda94171b6decd250070e6c7fc57a8752fa30193",
        "is_verified": false,
        "line_number": 1697
      },
      {
        "type": "Base64 High Entropy String",
        "filename": "docs/pnpm-lock.yaml",
        "hashed_secret": "40cef9bc69de80307d1ed242394904663222fef2",
        "is_verified": false,
        "line_number": 1701
      },
      {
        "type": "Base64 High Entropy String",
        "filename": "docs/pnpm-lock.yaml",
        "hashed_secret": "e8f06769076a4748ec85cb20713af07cad60ec23",
        "is_verified": false,
        "line_number": 1705
      },
      {
        "type": "Base64 High Entropy String",
        "filename": "docs/pnpm-lock.yaml",
        "hashed_secret": "3c2d8491c2232a61643d57a3622f9e4c284b24f2",
        "is_verified": false,
        "line_number": 1708
      }
    ]
  },
  "generated_at": "2026-09-22T17:57:24Z"
}
